// Jest Snapshot v1, https://goo.gl/fbAQLP

exports[`Post Modal matches snapshot 1`] = `null`;
