// Jest Snapshot v1, https://goo.gl/fbAQLP

exports[`Feed component matches snapshot 1`] = `
<div>
  <div
    style={
      Object {
        "display": "none",
      }
    }
  >
    <div
      className="post-modal-main"
    />
  </div>
  <div>
    <div
      className="post"
    >
      <div
        className="postHead"
      >
        <div
          className="MuiAvatar-root MuiAvatar-circular MuiAvatar-colorDefault Avatar css-9qrr50-MuiAvatar-root"
        >
          <svg
            aria-hidden={true}
            className="MuiSvgIcon-root MuiSvgIcon-fontSizeMedium MuiAvatar-fallback css-10mi8st-MuiSvgIcon-root-MuiAvatar-fallback"
            data-testid="PersonIcon"
            focusable="false"
            viewBox="0 0 24 24"
          >
            <path
              d="M12 12c2.21 0 4-1.79 4-4s-1.79-4-4-4-4 1.79-4 4 1.79 4 4 4zm0 2c-2.67 0-8 1.34-8 4v2h16v-2c0-2.66-5.33-4-8-4z"
            />
          </svg>
        </div>
        <div
          className="post-head-detail"
        >
          <p
            className="postUsername"
          />
          <p
            className="postTime"
          >
            NaN years ago
          </p>
        </div>
      </div>
      <button
        onClick={[Function]}
        type="button"
      >
        <img
          alt="post"
          src=""
        />
      </button>
      <div
        className="postActions"
      >
        <div
          className="postStats"
        >
          <div
            className="stats"
          >
            <button
              aria-label="like"
              className="MuiButtonBase-root MuiIconButton-root MuiIconButton-sizeMedium css-gqva2w-MuiButtonBase-root-MuiIconButton-root"
              disabled={false}
              onBlur={[Function]}
              onClick={[Function]}
              onContextMenu={[Function]}
              onDragLeave={[Function]}
              onFocus={[Function]}
              onKeyDown={[Function]}
              onKeyUp={[Function]}
              onMouseDown={[Function]}
              onMouseLeave={[Function]}
              onMouseUp={[Function]}
              onTouchEnd={[Function]}
              onTouchMove={[Function]}
              onTouchStart={[Function]}
              tabIndex={0}
              type="button"
            >
              <svg
                aria-hidden={true}
                className="MuiSvgIcon-root MuiSvgIcon-fontSizeMedium css-i4bv87-MuiSvgIcon-root"
                data-testid="ThumbUpOutlinedIcon"
                focusable="false"
                viewBox="0 0 24 24"
              >
                <path
                  d="M9 21h9c.83 0 1.54-.5 1.84-1.22l3.02-7.05c.09-.23.14-.47.14-.73v-2c0-1.1-.9-2-2-2h-6.31l.95-4.57.03-.32c0-.41-.17-.79-.44-1.06L14.17 1 7.58 7.59C7.22 7.95 7 8.45 7 9v10c0 1.1.9 2 2 2zM9 9l4.34-4.34L12 10h9v2l-3 7H9V9zM1 9h4v12H1z"
                />
              </svg>
            </button>
            <p>
              0 Likes
            </p>
          </div>
          <div
            className="stats"
          >
            <svg
              aria-hidden={true}
              className="MuiSvgIcon-root MuiSvgIcon-fontSizeMedium css-i4bv87-MuiSvgIcon-root"
              data-testid="ForumOutlinedIcon"
              focusable="false"
              viewBox="0 0 24 24"
            >
              <path
                d="M15 4v7H5.17L4 12.17V4h11m1-2H3c-.55 0-1 .45-1 1v14l4-4h10c.55 0 1-.45 1-1V3c0-.55-.45-1-1-1zm5 4h-2v9H6v2c0 .55.45 1 1 1h11l4 4V7c0-.55-.45-1-1-1z"
              />
            </svg>
            <p>
              0
               Comments
            </p>
          </div>
        </div>
        <div
          className="postComment"
        >
          <button
            onClick={[Function]}
            type="submit"
          >
            <img
              alt="send comment"
              src={Object {}}
            />
          </button>
          <input
            name="postComment"
            onClick={[Function]}
            placeholder="Post a comment"
            type="text"
          />
        </div>
      </div>
    </div>
  </div>
</div>
`;
