// Jest Snapshot v1, https://goo.gl/fbAQLP

exports[`Post Detail matches snapshot 1`] = `
<div
  className="post-modal-main"
/>
`;
